reset
create brick x 0.01 y 0.01 z 0.01
nodeset 1 vertex 1
nodeset 2 vertex 2
nodeset 3 vertex 3
nodeset 4 vertex 4
nodeset 5 vertex 5
nodeset 6 vertex 6
nodeset 7 vertex 7
nodeset 8 vertex 8
create brick x 0.01 y 0.01 z 0.01
volume 2 move x 0.02 y 0.0 z 0.0
nodeset 9 vertex 9
nodeset 10 vertex 10
nodeset 11 vertex 11
nodeset 12 vertex 12
nodeset 13 vertex 13
nodeset 14 vertex 14
nodeset 15 vertex 15
nodeset 16 vertex 16
create brick x 0.01 y 0.01 z 0.01
volume 3 move x 0.0 y 0.02 z 0.0
nodeset 17 vertex 17
nodeset 18 vertex 18
nodeset 19 vertex 19
nodeset 20 vertex 20
nodeset 21 vertex 21
nodeset 22 vertex 22
nodeset 23 vertex 23
nodeset 24 vertex 24
create brick x 0.01 y 0.01 z 0.01
volume 4 move x 0.02 y 0.02 z 0.0
nodeset 25 vertex 25
nodeset 26 vertex 26
nodeset 27 vertex 27
nodeset 28 vertex 28
nodeset 29 vertex 29
nodeset 30 vertex 30
nodeset 31 vertex 31
nodeset 32 vertex 32
volume all size 0.01
create brick x 0.01 y 0.01 z 0.01
volume 5 move x 0.0 y 0.04 z 0.0
nodeset 33 vertex 33
nodeset 34 vertex 34
nodeset 35 vertex 35
nodeset 36 vertex 36
nodeset 37 vertex 37
nodeset 38 vertex 38
nodeset 39 vertex 39
nodeset 40 vertex 40
volume all size 0.01
block 1 volume 1 2 3 4 5
mesh volume all
export genesis 'simple_deformation_modes.g' overwrite
