
# composite material
#   filament diameter 7.0e-3 mm
#   fiber volume 15% (a more realistic value would be 40%, with fibers in multiple directions)

reset
create brick x 25.4 y 25.4 z 25.4
volume 1 copy move x 40.0 y 0.0 z 0.0
volume all size 12.7
mesh volume all
block 1 volume 1 2
nodeset 1 surface 4
nodeset 2 surface 6
nodeset 3 curve 9 10
nodeset 4 curve 7 5
nodeset 11 surface 8
nodeset 12 surface 7
nodeset 13 curve 15 19
nodeset 14 curve 16 18
export genesis 'multiscale_anisotropic_brick.g' overwrite

#reset
#create brick x 0.07 y 0.07 z 0.07
#create cylinder height 0.07 radius 0.007
#volume 2 move x 0.01 y 0.005 z 0.0
#volume 2 copy move x -0.01 y -0.025 z 0.0
#volume 2 copy move x -0.02 y  0.015 z 0.0
#volume 2 copy move x -0.03 y -0.008 z 0.0
#volume 2 copy move x  0.01 y -0.017 z 0.0
#subtract volume 2 3 4 5 6 from volume 1 keep
#delete volume 1
#merge surface all
#volume all size 0.005
#mesh volume all
#block 1 volume 7
#block 2 volume 2 3 4 5 6
#export genesis 'microstructure_with_fibers_rve.g' overwrite

reset
create brick x 0.07 y 0.07 z 0.07
create cylinder height 0.07 radius 0.015
volume 2 move x 0.007 y 0.007 z 0.0
subtract volume 2 from volume 1 keep
delete volume 1
merge surface all
#volume all size 0.015
volume all size 0.017
mesh volume all
block 1 volume 3
block 2 volume 2
export genesis 'microstructure_with_fibers_rve.g' overwrite
