
reset
create cylinder height 0.5 radius 0.2
create cylinder height 0.5 radius 0.18
subtract volume 2 from volume 1
create cylinder height 0.5 radius 0.11
rotate volume 3 angle 90 about x include_merged
subtract volume 3 from volume 1
webcut volume 1 zplane offset  0.08 imprint merge
webcut volume 4 zplane offset -0.08 imprint merge
webcut volume all with xplane offset 0.0 imprint merge
webcut volume all with xplane offset  0.15 imprint merge
webcut volume all with xplane offset -0.15 imprint merge
volume all size 0.03
mesh volume all
block 1 volume 1 4 5 6 7 8 9 10 11 12 17 18 19 20
block 2 volume 13 14 15 16
nodeset 1 surface 93 99 161 168 154 102
nodeset 2 surface 75 80 141 150 143 84
export genesis 'cylinder_with_hole.g' overwrite

reset
create brick x 0.0003 y 0.0003 z 0.0003
volume all size 0.00015
mesh volume all
block 1 volume 1
nodeset 1 surface 4
nodeset 2 surface 6
nodeset 3 surface 3
nodeset 4 surface 5
nodeset 5 surface 2
nodeset 6 surface 1
sideset 1 surface 4
sideset 2 surface 6
sideset 3 surface 3
sideset 4 surface 5
sideset 5 surface 2
sideset 6 surface 1
export genesis 'rve.g' overwrite
